2026-07-14 21:25:34,249 - INFO - Device: cpu
2026-07-14 21:25:34,249 - INFO - Config: {'data': {'raw_dir': 'data/raw', 'watermarked_dir': 'data/watermarked', 'removed_dir': 'data/removed_mild', 'edited_dir': 'data/edited', 'splits_dir': 'data/splits_mild', 'img_size': 224, 'train_split': 0.7, 'val_split': 0.15, 'test_split': 0.15, 'seed': 42, 'num_workers': 0}, 'watermark': {'method': 'dwt_dct_svd', 'alpha': 0.1, 'block_size': 8, 'dwt_level': 2, 'watermark_seed': 42, 'verify_threshold': 0.5}, 'attack': {'method': 'distortion', 'jpeg_quality': 15, 'gaussian_std': 30.0, 'blur_kernel': 11, 'resize_factor': 0.2, 'num_passes': 5}, 'model': {'name': 'convnext_tiny', 'pretrained': True, 'num_classes': 2, 'dropout': 0.1}, 'train': {'batch_size': 16, 'batch_size_fallback': 8, 'lr': 0.0001, 'weight_decay': 0.0001, 'epochs': 12, 'device': 'auto', 'mixed_precision': True, 'grad_clip': 1.0, 'early_stopping_patience': 5, 'save_dir': 'checkpoints_mild', 'log_dir': 'results/logs_mild'}, 'eval': {'metrics': ['accuracy', 'auroc', 'precision', 'recall', 'f1'], 'save_dir': 'results_mild'}}
2026-07-14 21:25:38,794 - INFO - Model: convnext_tiny, params: 27,821,666
2026-07-14 21:28:11,638 - INFO - Epoch 001 | Train: 0.2557/0.8786 | Val: 0.0000/1.0000
2026-07-14 21:28:12,500 - INFO -   -> New best: 1.0000
2026-07-14 21:30:53,686 - INFO - Epoch 002 | Train: 0.0001/1.0000 | Val: 0.0000/1.0000
2026-07-14 21:33:39,916 - INFO - Epoch 003 | Train: 0.0007/1.0000 | Val: 0.0000/1.0000
2026-07-14 21:36:16,284 - INFO - Epoch 004 | Train: 0.0000/1.0000 | Val: 0.0000/1.0000
2026-07-14 21:38:47,353 - INFO - Epoch 005 | Train: 0.0000/1.0000 | Val: 0.0000/1.0000
2026-07-15 09:54:11,766 - INFO - Device: cpu
2026-07-15 09:54:11,766 - INFO - Config: {'data': {'raw_dir': 'data/raw', 'watermarked_dir': 'data/watermarked', 'removed_dir': 'data/removed_mild', 'edited_dir': 'data/edited', 'splits_dir': 'data/splits_mild', 'img_size': 224, 'train_split': 0.7, 'val_split': 0.15, 'test_split': 0.15, 'seed': 42, 'num_workers': 0}, 'watermark': {'method': 'dwt_dct_svd', 'alpha': 0.1, 'block_size': 8, 'dwt_level': 2, 'watermark_seed': 42, 'verify_threshold': 0.5}, 'attack': {'method': 'distortion', 'jpeg_quality': 80, 'gaussian_std': 2.0, 'blur_kernel': 1, 'resize_factor': 1.0, 'num_passes': 1}, 'model': {'name': 'convnext_tiny', 'pretrained': True, 'num_classes': 2, 'dropout': 0.1}, 'train': {'batch_size': 16, 'batch_size_fallback': 8, 'lr': 0.0001, 'weight_decay': 0.0001, 'epochs': 12, 'device': 'auto', 'mixed_precision': True, 'grad_clip': 1.0, 'early_stopping_patience': 5, 'save_dir': 'checkpoints_mild', 'log_dir': 'results/logs_mild'}, 'eval': {'metrics': ['accuracy', 'auroc', 'precision', 'recall', 'f1'], 'save_dir': 'results_mild'}}
2026-07-15 09:54:13,018 - INFO - Model: convnext_tiny, params: 27,821,666
2026-07-15 09:55:18,593 - INFO - Epoch 001 | Train: 1.4961/0.5071 | Val: 0.5949/0.5667
2026-07-15 09:55:19,500 - INFO -   -> New best: 0.5667
2026-07-15 09:56:21,552 - INFO - Epoch 002 | Train: 0.5222/0.7429 | Val: 0.0101/1.0000
2026-07-15 09:56:22,382 - INFO -   -> New best: 1.0000
2026-07-15 09:57:25,210 - INFO - Epoch 003 | Train: 0.0209/0.9929 | Val: 0.0000/1.0000
2026-07-15 09:58:28,522 - INFO - Epoch 004 | Train: 0.0920/0.9857 | Val: 0.6018/0.9333
2026-07-15 09:59:31,167 - INFO - Epoch 005 | Train: 0.0254/0.9929 | Val: 0.5226/0.9667
2026-07-15 10:00:34,164 - INFO - Epoch 006 | Train: 0.0041/1.0000 | Val: 0.5722/0.9667
2026-07-15 10:01:40,181 - INFO - Epoch 007 | Train: 0.0000/1.0000 | Val: 0.4919/0.9667
2026-07-15 10:01:40,181 - INFO - Early stopping at epoch 7
2026-07-15 10:01:40,182 - INFO - Training complete. Best val acc: 1.0000
